[
    {
        "name": "Dia de Ano Novo",
        "date": "2024-01-01"
    },
    {
        "name": "Carnaval",
        "date": "2024-02-12"
    },
    {
        "name": "Sexta-feira Santa",
        "date": "2024-03-28"
    },
    {
        "name": "Dia de Tiradentes",
        "date": "2024-04-21"
    },
    {
        "name": "Dia do Trabalhador",
        "date": "2024-05-01"
    },
    {
        "name": "Corpus Christi",
        "date": "2024-05-29"
    },
    {
        "name": "Independ\u00eancia do Brasil",
        "date": "2024-09-07"
    },
    {
        "name": "Nossa Senhora Aparecida",
        "date": "2024-10-12"
    },
    {
        "name": "Finados",
        "date": "2024-11-02"
    },
    {
        "name": "Proclama\u00e7\u00e3o da Rep\u00fablica",
        "date": "2024-11-15"
    },
    {
        "name": "Natal",
        "date": "2024-12-25"
    }
]